---
source: crates/egui_mcp/src/tree.rs
expression: "pretty(&query_all(&QueryFilter::default()))"
---
[
  {
    "id": "1",
    "role": "Window",
    "focused": true,
    "children": [
      {
        "id": "2",
        "children": [
          {
            "id": "3",
            "role": "Button",
            "label": "OK"
          }
        ]
      },
      {
        "id": "ff",
        "label": "hi"
      },
      {
        "id": "5",
        "value": "42"
      }
    ]
  }
]
